[2024-10-04T06:36:50.007+0000] {local_task_job_runner.py:123} INFO - ::group::Pre task execution logs
[2024-10-04T06:36:50.084+0000] {taskinstance.py:2612} INFO - Dependencies all met for dep_context=non-requeueable deps ti=<TaskInstance: etl_pipeline.staging.dellstore_db.extract.orderlines scheduled__2024-10-03T00:00:00+00:00 [queued]>
[2024-10-04T06:36:50.152+0000] {taskinstance.py:2612} INFO - Dependencies all met for dep_context=requeueable deps ti=<TaskInstance: etl_pipeline.staging.dellstore_db.extract.orderlines scheduled__2024-10-03T00:00:00+00:00 [queued]>
[2024-10-04T06:36:50.159+0000] {taskinstance.py:2865} INFO - Starting attempt 1 of 1
[2024-10-04T06:36:50.273+0000] {taskinstance.py:2888} INFO - Executing <Task(PythonOperator): staging.dellstore_db.extract.orderlines> on 2024-10-03 00:00:00+00:00
[2024-10-04T06:36:50.308+0000] {logging_mixin.py:190} WARNING - /home/***/.local/lib/python3.12/site-packages/***/task/task_runner/standard_task_runner.py:70 DeprecationWarning: This process (pid=203) is multi-threaded, use of fork() may lead to deadlocks in the child.
[2024-10-04T06:36:50.308+0000] {standard_task_runner.py:104} INFO - Running: ['***', 'tasks', 'run', 'etl_pipeline', 'staging.dellstore_db.extract.orderlines', 'scheduled__2024-10-03T00:00:00+00:00', '--job-id', '13693', '--raw', '--subdir', 'DAGS_FOLDER/etl_pipeline/run.py', '--cfg-path', '/tmp/tmplzpl1kbu']
[2024-10-04T06:36:50.339+0000] {standard_task_runner.py:105} INFO - Job 13693: Subtask staging.dellstore_db.extract.orderlines
[2024-10-04T06:36:50.341+0000] {standard_task_runner.py:72} INFO - Started process 303 to run task
[2024-10-04T06:36:50.714+0000] {task_command.py:467} INFO - Running <TaskInstance: etl_pipeline.staging.dellstore_db.extract.orderlines scheduled__2024-10-03T00:00:00+00:00 [running]> on host 5f5bf3f98309
[2024-10-04T06:36:51.330+0000] {taskinstance.py:3131} INFO - Exporting env vars: AIRFLOW_CTX_DAG_OWNER='***' AIRFLOW_CTX_DAG_ID='etl_pipeline' AIRFLOW_CTX_TASK_ID='staging.dellstore_db.extract.orderlines' AIRFLOW_CTX_EXECUTION_DATE='2024-10-03T00:00:00+00:00' AIRFLOW_CTX_TRY_NUMBER='1' AIRFLOW_CTX_DAG_RUN_ID='scheduled__2024-10-03T00:00:00+00:00'
[2024-10-04T06:36:51.334+0000] {taskinstance.py:731} INFO - ::endgroup::
[2024-10-04T06:36:51.397+0000] {base.py:84} INFO - Retrieving connection 'dellstore_db'
[2024-10-04T06:36:52.403+0000] {taskinstance.py:3310} ERROR - Task failed with exception
Traceback (most recent call last):
  File "/opt/airflow/dags/etl_pipeline/tasks/staging/components/extract.py", line 59, in _dellstore_db
    CustomMinio._put_csv(df, bucket_name, object_name)
    ^^^^^^^^^^^^^^^^^^^^
AttributeError: type object 'CustomMinio' has no attribute '_put_csv'. Did you mean: '_put_json'?

During handling of the above exception, another exception occurred:

Traceback (most recent call last):
  File "/home/airflow/.local/lib/python3.12/site-packages/airflow/models/taskinstance.py", line 767, in _execute_task
    result = _execute_callable(context=context, **execute_callable_kwargs)
             ^^^^^^^^^^^^^^^^^^^^^^^^^^^^^^^^^^^^^^^^^^^^^^^^^^^^^^^^^^^^^
  File "/home/airflow/.local/lib/python3.12/site-packages/airflow/models/taskinstance.py", line 733, in _execute_callable
    return ExecutionCallableRunner(
           ^^^^^^^^^^^^^^^^^^^^^^^^
  File "/home/airflow/.local/lib/python3.12/site-packages/airflow/utils/operator_helpers.py", line 252, in run
    return self.func(*args, **kwargs)
           ^^^^^^^^^^^^^^^^^^^^^^^^^^
  File "/home/airflow/.local/lib/python3.12/site-packages/airflow/models/baseoperator.py", line 406, in wrapper
    return func(self, *args, **kwargs)
           ^^^^^^^^^^^^^^^^^^^^^^^^^^^
  File "/home/airflow/.local/lib/python3.12/site-packages/airflow/operators/python.py", line 238, in execute
    return_value = self.execute_callable()
                   ^^^^^^^^^^^^^^^^^^^^^^^
  File "/home/airflow/.local/lib/python3.12/site-packages/airflow/operators/python.py", line 256, in execute_callable
    return runner.run(*self.op_args, **self.op_kwargs)
           ^^^^^^^^^^^^^^^^^^^^^^^^^^^^^^^^^^^^^^^^^^^
  File "/home/airflow/.local/lib/python3.12/site-packages/airflow/utils/operator_helpers.py", line 252, in run
    return self.func(*args, **kwargs)
           ^^^^^^^^^^^^^^^^^^^^^^^^^^
  File "/opt/airflow/dags/etl_pipeline/tasks/staging/components/extract.py", line 64, in _dellstore_db
    raise AirflowException(f"Error when extracting {table_name} : {str(e)}")
airflow.exceptions.AirflowException: Error when extracting orderlines : type object 'CustomMinio' has no attribute '_put_csv'
[2024-10-04T06:36:52.451+0000] {taskinstance.py:1225} INFO - Marking task as FAILED. dag_id=etl_pipeline, task_id=staging.dellstore_db.extract.orderlines, run_id=scheduled__2024-10-03T00:00:00+00:00, execution_date=20241003T000000, start_date=20241004T063650, end_date=20241004T063652
[2024-10-04T06:36:52.452+0000] {taskinstance.py:1563} INFO - Executing callback at index 0: slack_notifier
[2024-10-04T06:36:52.460+0000] {baseoperator.py:405} WARNING - SlackWebhookOperator.execute cannot be called outside TaskInstance!
[2024-10-04T06:36:52.480+0000] {logging_mixin.py:190} WARNING - /home/***/.local/lib/python3.12/site-packages/***/providers/slack/hooks/slack_webhook.py:42 UserWarning: You cannot override the default channel (chosen by the user who installed your app), username, or icon when you're using Incoming Webhooks to post messages. Instead, these values will always inherit from the associated Slack app configuration. See: https://api.slack.com/messaging/webhooks#advanced_message_formatting. It is possible to change this values only in Legacy Slack Integration Incoming Webhook: https://api.slack.com/legacy/custom-integrations/messaging/webhooks#legacy-customizations
[2024-10-04T06:36:52.513+0000] {base.py:84} INFO - Retrieving connection 'slack_notifier'
[2024-10-04T06:36:53.123+0000] {taskinstance.py:340} INFO - ::group::Post task execution logs
[2024-10-04T06:36:53.124+0000] {standard_task_runner.py:124} ERROR - Failed to execute job 13693 for task staging.dellstore_db.extract.orderlines (Error when extracting orderlines : type object 'CustomMinio' has no attribute '_put_csv'; 303)
Traceback (most recent call last):
  File "/opt/airflow/dags/etl_pipeline/tasks/staging/components/extract.py", line 59, in _dellstore_db
    CustomMinio._put_csv(df, bucket_name, object_name)
    ^^^^^^^^^^^^^^^^^^^^
AttributeError: type object 'CustomMinio' has no attribute '_put_csv'. Did you mean: '_put_json'?

During handling of the above exception, another exception occurred:

Traceback (most recent call last):
  File "/home/airflow/.local/lib/python3.12/site-packages/airflow/task/task_runner/standard_task_runner.py", line 117, in _start_by_fork
    ret = args.func(args, dag=self.dag)
          ^^^^^^^^^^^^^^^^^^^^^^^^^^^^^
  File "/home/airflow/.local/lib/python3.12/site-packages/airflow/cli/cli_config.py", line 49, in command
    return func(*args, **kwargs)
           ^^^^^^^^^^^^^^^^^^^^^
  File "/home/airflow/.local/lib/python3.12/site-packages/airflow/utils/cli.py", line 115, in wrapper
    return f(*args, **kwargs)
           ^^^^^^^^^^^^^^^^^^
  File "/home/airflow/.local/lib/python3.12/site-packages/airflow/cli/commands/task_command.py", line 483, in task_run
    task_return_code = _run_task_by_selected_method(args, _dag, ti)
                       ^^^^^^^^^^^^^^^^^^^^^^^^^^^^^^^^^^^^^^^^^^^^
  File "/home/airflow/.local/lib/python3.12/site-packages/airflow/cli/commands/task_command.py", line 256, in _run_task_by_selected_method
    return _run_raw_task(args, ti)
           ^^^^^^^^^^^^^^^^^^^^^^^
  File "/home/airflow/.local/lib/python3.12/site-packages/airflow/cli/commands/task_command.py", line 341, in _run_raw_task
    return ti._run_raw_task(
           ^^^^^^^^^^^^^^^^^
  File "/home/airflow/.local/lib/python3.12/site-packages/airflow/utils/session.py", line 97, in wrapper
    return func(*args, session=session, **kwargs)
           ^^^^^^^^^^^^^^^^^^^^^^^^^^^^^^^^^^^^^^
  File "/home/airflow/.local/lib/python3.12/site-packages/airflow/models/taskinstance.py", line 3004, in _run_raw_task
    return _run_raw_task(
           ^^^^^^^^^^^^^^
  File "/home/airflow/.local/lib/python3.12/site-packages/airflow/models/taskinstance.py", line 273, in _run_raw_task
    TaskInstance._execute_task_with_callbacks(
  File "/home/airflow/.local/lib/python3.12/site-packages/airflow/models/taskinstance.py", line 3158, in _execute_task_with_callbacks
    result = self._execute_task(context, task_orig)
             ^^^^^^^^^^^^^^^^^^^^^^^^^^^^^^^^^^^^^^
  File "/home/airflow/.local/lib/python3.12/site-packages/airflow/models/taskinstance.py", line 3182, in _execute_task
    return _execute_task(self, context, task_orig)
           ^^^^^^^^^^^^^^^^^^^^^^^^^^^^^^^^^^^^^^^
  File "/home/airflow/.local/lib/python3.12/site-packages/airflow/models/taskinstance.py", line 767, in _execute_task
    result = _execute_callable(context=context, **execute_callable_kwargs)
             ^^^^^^^^^^^^^^^^^^^^^^^^^^^^^^^^^^^^^^^^^^^^^^^^^^^^^^^^^^^^^
  File "/home/airflow/.local/lib/python3.12/site-packages/airflow/models/taskinstance.py", line 733, in _execute_callable
    return ExecutionCallableRunner(
           ^^^^^^^^^^^^^^^^^^^^^^^^
  File "/home/airflow/.local/lib/python3.12/site-packages/airflow/utils/operator_helpers.py", line 252, in run
    return self.func(*args, **kwargs)
           ^^^^^^^^^^^^^^^^^^^^^^^^^^
  File "/home/airflow/.local/lib/python3.12/site-packages/airflow/models/baseoperator.py", line 406, in wrapper
    return func(self, *args, **kwargs)
           ^^^^^^^^^^^^^^^^^^^^^^^^^^^
  File "/home/airflow/.local/lib/python3.12/site-packages/airflow/operators/python.py", line 238, in execute
    return_value = self.execute_callable()
                   ^^^^^^^^^^^^^^^^^^^^^^^
  File "/home/airflow/.local/lib/python3.12/site-packages/airflow/operators/python.py", line 256, in execute_callable
    return runner.run(*self.op_args, **self.op_kwargs)
           ^^^^^^^^^^^^^^^^^^^^^^^^^^^^^^^^^^^^^^^^^^^
  File "/home/airflow/.local/lib/python3.12/site-packages/airflow/utils/operator_helpers.py", line 252, in run
    return self.func(*args, **kwargs)
           ^^^^^^^^^^^^^^^^^^^^^^^^^^
  File "/opt/airflow/dags/etl_pipeline/tasks/staging/components/extract.py", line 64, in _dellstore_db
    raise AirflowException(f"Error when extracting {table_name} : {str(e)}")
airflow.exceptions.AirflowException: Error when extracting orderlines : type object 'CustomMinio' has no attribute '_put_csv'
[2024-10-04T06:36:53.198+0000] {local_task_job_runner.py:266} INFO - Task exited with return code 1
[2024-10-04T06:36:53.227+0000] {local_task_job_runner.py:245} INFO - ::endgroup::
[2024-10-04T17:27:14.810+0000] {local_task_job_runner.py:123} INFO - ::group::Pre task execution logs
[2024-10-04T17:27:14.874+0000] {taskinstance.py:2612} INFO - Dependencies all met for dep_context=non-requeueable deps ti=<TaskInstance: etl_pipeline.staging.dellstore_db.extract.orderlines scheduled__2024-10-03T00:00:00+00:00 [queued]>
[2024-10-04T17:27:14.906+0000] {taskinstance.py:2612} INFO - Dependencies all met for dep_context=requeueable deps ti=<TaskInstance: etl_pipeline.staging.dellstore_db.extract.orderlines scheduled__2024-10-03T00:00:00+00:00 [queued]>
[2024-10-04T17:27:14.907+0000] {taskinstance.py:2865} INFO - Starting attempt 1 of 1
[2024-10-04T17:27:14.993+0000] {taskinstance.py:2888} INFO - Executing <Task(SparkSubmitOperator): staging.dellstore_db.extract.orderlines> on 2024-10-03 00:00:00+00:00
[2024-10-04T17:27:15.040+0000] {logging_mixin.py:190} WARNING - /home/***/.local/lib/python3.12/site-packages/***/task/task_runner/standard_task_runner.py:70 DeprecationWarning: This process (pid=16076) is multi-threaded, use of fork() may lead to deadlocks in the child.
[2024-10-04T17:27:15.045+0000] {standard_task_runner.py:72} INFO - Started process 16104 to run task
[2024-10-04T17:27:15.051+0000] {standard_task_runner.py:104} INFO - Running: ['***', 'tasks', 'run', 'etl_pipeline', 'staging.dellstore_db.extract.orderlines', 'scheduled__2024-10-03T00:00:00+00:00', '--job-id', '13843', '--raw', '--subdir', 'DAGS_FOLDER/etl_pipeline/run.py', '--cfg-path', '/tmp/tmpamb9ket_']
[2024-10-04T17:27:15.062+0000] {standard_task_runner.py:105} INFO - Job 13843: Subtask staging.dellstore_db.extract.orderlines
[2024-10-04T17:27:15.339+0000] {task_command.py:467} INFO - Running <TaskInstance: etl_pipeline.staging.dellstore_db.extract.orderlines scheduled__2024-10-03T00:00:00+00:00 [running]> on host ec276fc9e43b
[2024-10-04T17:27:15.717+0000] {taskinstance.py:3131} INFO - Exporting env vars: AIRFLOW_CTX_DAG_OWNER='***' AIRFLOW_CTX_DAG_ID='etl_pipeline' AIRFLOW_CTX_TASK_ID='staging.dellstore_db.extract.orderlines' AIRFLOW_CTX_EXECUTION_DATE='2024-10-03T00:00:00+00:00' AIRFLOW_CTX_TRY_NUMBER='1' AIRFLOW_CTX_DAG_RUN_ID='scheduled__2024-10-03T00:00:00+00:00'
[2024-10-04T17:27:15.722+0000] {taskinstance.py:731} INFO - ::endgroup::
[2024-10-04T17:27:15.810+0000] {base.py:84} INFO - Retrieving connection 'spark-conn'
[2024-10-04T17:27:15.815+0000] {spark_submit.py:335} INFO - Spark-Submit cmd: spark-submit --master spark://spark-master:7077 --conf spark.hadoop.fs.s3a.access.key=minio --conf spark.hadoop.fs.s3a.secret.key=****** --conf spark.hadoop.fs.s3a.endpoint=http://minio:9000 --conf spark.hadoop.fs.s3a.path.style.access=true --conf spark.hadoop.fs.s3a.impl=org.apache.hadoop.fs.s3a.S3AFileSystem --jars /opt/spark/jars/hadoop-aws-3.3.1.jar,/opt/spark/jars/aws-java-sdk-bundle-1.11.901.jar,/opt/spark/jars/postgresql-42.2.23.jar --name arrow-spark dags/etl_pipeline/tasks/staging/components/extract.py dellstore_db orderlines False
[2024-10-04T17:27:16.031+0000] {spark_submit.py:488} INFO - /home/***/.local/lib/python3.12/site-packages/pyspark/bin/load-spark-env.sh: line 68: ps: command not found
[2024-10-04T17:27:46.323+0000] {spark_submit.py:488} INFO - 24/10/04 17:27:46 WARN NativeCodeLoader: Unable to load native-hadoop library for your platform... using builtin-java classes where applicable
[2024-10-04T17:28:20.029+0000] {spark_submit.py:488} INFO - 24/10/04 17:28:20 INFO SparkContext: Running Spark version 3.5.3
[2024-10-04T17:28:20.031+0000] {spark_submit.py:488} INFO - 24/10/04 17:28:20 INFO SparkContext: OS info Linux, 5.15.153.1-microsoft-standard-WSL2, amd64
[2024-10-04T17:28:20.040+0000] {spark_submit.py:488} INFO - 24/10/04 17:28:20 INFO SparkContext: Java version 17.0.12
[2024-10-04T17:28:20.363+0000] {spark_submit.py:488} INFO - 24/10/04 17:28:20 INFO ResourceUtils: ==============================================================
[2024-10-04T17:28:20.367+0000] {spark_submit.py:488} INFO - 24/10/04 17:28:20 INFO ResourceUtils: No custom resources configured for spark.driver.
[2024-10-04T17:28:20.372+0000] {spark_submit.py:488} INFO - 24/10/04 17:28:20 INFO ResourceUtils: ==============================================================
[2024-10-04T17:28:20.377+0000] {spark_submit.py:488} INFO - 24/10/04 17:28:20 INFO SparkContext: Submitted application: ETL Pipeline - orderlines
[2024-10-04T17:28:20.686+0000] {spark_submit.py:488} INFO - 24/10/04 17:28:20 INFO ResourceProfile: Default ResourceProfile created, executor resources: Map(memory -> name: memory, amount: 1024, script: , vendor: , offHeap -> name: offHeap, amount: 0, script: , vendor: ), task resources: Map(cpus -> name: cpus, amount: 1.0)
[2024-10-04T17:28:20.790+0000] {spark_submit.py:488} INFO - 24/10/04 17:28:20 INFO ResourceProfile: Limiting resource is cpu
[2024-10-04T17:28:20.794+0000] {spark_submit.py:488} INFO - 24/10/04 17:28:20 INFO ResourceProfileManager: Added ResourceProfile id: 0
[2024-10-04T17:28:21.872+0000] {spark_submit.py:488} INFO - 24/10/04 17:28:21 INFO SecurityManager: Changing view acls to: ***
[2024-10-04T17:28:21.874+0000] {spark_submit.py:488} INFO - 24/10/04 17:28:21 INFO SecurityManager: Changing modify acls to: ***
[2024-10-04T17:28:21.885+0000] {spark_submit.py:488} INFO - 24/10/04 17:28:21 INFO SecurityManager: Changing view acls groups to:
[2024-10-04T17:28:21.890+0000] {spark_submit.py:488} INFO - 24/10/04 17:28:21 INFO SecurityManager: Changing modify acls groups to:
[2024-10-04T17:28:21.909+0000] {spark_submit.py:488} INFO - 24/10/04 17:28:21 INFO SecurityManager: SecurityManager: authentication disabled; ui acls disabled; users with view permissions: ***; groups with view permissions: EMPTY; users with modify permissions: ***; groups with modify permissions: EMPTY
[2024-10-04T17:28:26.350+0000] {spark_submit.py:488} INFO - 24/10/04 17:28:26 INFO Utils: Successfully started service 'sparkDriver' on port 43681.
[2024-10-04T17:28:26.746+0000] {spark_submit.py:488} INFO - 24/10/04 17:28:26 INFO SparkEnv: Registering MapOutputTracker
[2024-10-04T17:28:27.412+0000] {spark_submit.py:488} INFO - 24/10/04 17:28:27 INFO SparkEnv: Registering BlockManagerMaster
[2024-10-04T17:28:27.702+0000] {spark_submit.py:488} INFO - 24/10/04 17:28:27 INFO BlockManagerMasterEndpoint: Using org.apache.spark.storage.DefaultTopologyMapper for getting topology information
[2024-10-04T17:28:27.715+0000] {spark_submit.py:488} INFO - 24/10/04 17:28:27 INFO BlockManagerMasterEndpoint: BlockManagerMasterEndpoint up
[2024-10-04T17:28:27.750+0000] {spark_submit.py:488} INFO - 24/10/04 17:28:27 INFO SparkEnv: Registering BlockManagerMasterHeartbeat
[2024-10-04T17:28:27.982+0000] {spark_submit.py:488} INFO - 24/10/04 17:28:27 INFO DiskBlockManager: Created local directory at /tmp/blockmgr-0df00984-9f71-4637-9827-cc47934c0d17
[2024-10-04T17:28:28.058+0000] {spark_submit.py:488} INFO - 24/10/04 17:28:28 INFO MemoryStore: MemoryStore started with capacity 434.4 MiB
[2024-10-04T17:28:28.284+0000] {spark_submit.py:488} INFO - 24/10/04 17:28:28 INFO SparkEnv: Registering OutputCommitCoordinator
[2024-10-04T17:28:29.518+0000] {spark_submit.py:488} INFO - 24/10/04 17:28:29 INFO JettyUtils: Start Jetty 0.0.0.0:4040 for SparkUI
[2024-10-04T17:28:30.082+0000] {spark_submit.py:488} INFO - 24/10/04 17:28:30 WARN Utils: Service 'SparkUI' could not bind on port 4040. Attempting port 4041.
[2024-10-04T17:28:30.105+0000] {spark_submit.py:488} INFO - 24/10/04 17:28:30 WARN Utils: Service 'SparkUI' could not bind on port 4041. Attempting port 4042.
[2024-10-04T17:28:30.120+0000] {spark_submit.py:488} INFO - 24/10/04 17:28:30 WARN Utils: Service 'SparkUI' could not bind on port 4042. Attempting port 4043.
[2024-10-04T17:28:30.308+0000] {spark_submit.py:488} INFO - 24/10/04 17:28:30 INFO Utils: Successfully started service 'SparkUI' on port 4043.
[2024-10-04T17:28:31.182+0000] {spark_submit.py:488} INFO - 24/10/04 17:28:31 INFO SparkContext: Added JAR file:///opt/spark/jars/hadoop-aws-3.3.1.jar at spark://ec276fc9e43b:43681/jars/hadoop-aws-3.3.1.jar with timestamp 1728062899918
[2024-10-04T17:28:31.191+0000] {spark_submit.py:488} INFO - 24/10/04 17:28:31 INFO SparkContext: Added JAR file:///opt/spark/jars/aws-java-sdk-bundle-1.11.901.jar at spark://ec276fc9e43b:43681/jars/aws-java-sdk-bundle-1.11.901.jar with timestamp 1728062899918
[2024-10-04T17:28:31.196+0000] {spark_submit.py:488} INFO - 24/10/04 17:28:31 INFO SparkContext: Added JAR file:///opt/spark/jars/postgresql-42.2.23.jar at spark://ec276fc9e43b:43681/jars/postgresql-42.2.23.jar with timestamp 1728062899918
[2024-10-04T17:28:33.363+0000] {spark_submit.py:488} INFO - 24/10/04 17:28:33 INFO StandaloneAppClient$ClientEndpoint: Connecting to master spark://spark-master:7077...
[2024-10-04T17:28:34.796+0000] {spark_submit.py:488} INFO - 24/10/04 17:28:34 INFO TransportClientFactory: Successfully created connection to spark-master/172.20.0.8:7077 after 1113 ms (0 ms spent in bootstraps)
[2024-10-04T17:28:36.552+0000] {spark_submit.py:488} INFO - 24/10/04 17:28:36 INFO StandaloneSchedulerBackend: Connected to Spark cluster with app ID app-20241004172836-0033
[2024-10-04T17:28:36.673+0000] {spark_submit.py:488} INFO - 24/10/04 17:28:36 INFO Utils: Successfully started service 'org.apache.spark.network.netty.NettyBlockTransferService' on port 40495.
[2024-10-04T17:28:36.675+0000] {spark_submit.py:488} INFO - 24/10/04 17:28:36 INFO NettyBlockTransferService: Server created on ec276fc9e43b:40495
[2024-10-04T17:28:36.688+0000] {spark_submit.py:488} INFO - 24/10/04 17:28:36 INFO BlockManager: Using org.apache.spark.storage.RandomBlockReplicationPolicy for block replication policy
[2024-10-04T17:28:36.799+0000] {spark_submit.py:488} INFO - 24/10/04 17:28:36 INFO BlockManagerMaster: Registering BlockManager BlockManagerId(driver, ec276fc9e43b, 40495, None)
[2024-10-04T17:28:36.858+0000] {spark_submit.py:488} INFO - 24/10/04 17:28:36 INFO BlockManagerMasterEndpoint: Registering block manager ec276fc9e43b:40495 with 434.4 MiB RAM, BlockManagerId(driver, ec276fc9e43b, 40495, None)
[2024-10-04T17:28:36.874+0000] {spark_submit.py:488} INFO - 24/10/04 17:28:36 INFO BlockManagerMaster: Registered BlockManager BlockManagerId(driver, ec276fc9e43b, 40495, None)
[2024-10-04T17:28:36.881+0000] {spark_submit.py:488} INFO - 24/10/04 17:28:36 INFO BlockManager: Initialized BlockManager: BlockManagerId(driver, ec276fc9e43b, 40495, None)
[2024-10-04T17:28:40.996+0000] {spark_submit.py:488} INFO - 24/10/04 17:28:40 INFO StandaloneSchedulerBackend: SchedulerBackend is ready for scheduling beginning after reached minRegisteredResourcesRatio: 0.0
[2024-10-04T17:28:44.528+0000] {spark_submit.py:488} INFO - 24/10/04 17:28:44 INFO SharedState: Setting hive.metastore.warehouse.dir ('null') to the value of spark.sql.warehouse.dir.
[2024-10-04T17:28:44.614+0000] {spark_submit.py:488} INFO - 24/10/04 17:28:44 INFO SharedState: Warehouse path is 'file:/opt/***/spark-warehouse'.
[2024-10-04T17:29:16.138+0000] {spark_submit.py:488} INFO - 24/10/04 17:29:16 INFO CodeGenerator: Code generated in 2066.914394 ms
[2024-10-04T17:29:16.885+0000] {spark_submit.py:488} INFO - 24/10/04 17:29:16 INFO SparkContext: Starting job: isEmpty at NativeMethodAccessorImpl.java:0
[2024-10-04T17:29:17.131+0000] {spark_submit.py:488} INFO - 24/10/04 17:29:17 INFO DAGScheduler: Got job 0 (isEmpty at NativeMethodAccessorImpl.java:0) with 1 output partitions
[2024-10-04T17:29:17.134+0000] {spark_submit.py:488} INFO - 24/10/04 17:29:17 INFO DAGScheduler: Final stage: ResultStage 0 (isEmpty at NativeMethodAccessorImpl.java:0)
[2024-10-04T17:29:17.139+0000] {spark_submit.py:488} INFO - 24/10/04 17:29:17 INFO DAGScheduler: Parents of final stage: List()
[2024-10-04T17:29:17.149+0000] {spark_submit.py:488} INFO - 24/10/04 17:29:17 INFO DAGScheduler: Missing parents: List()
[2024-10-04T17:29:17.259+0000] {spark_submit.py:488} INFO - 24/10/04 17:29:17 INFO DAGScheduler: Submitting ResultStage 0 (MapPartitionsRDD[2] at isEmpty at NativeMethodAccessorImpl.java:0), which has no missing parents
[2024-10-04T17:29:18.077+0000] {spark_submit.py:488} INFO - 24/10/04 17:29:18 INFO MemoryStore: Block broadcast_0 stored as values in memory (estimated size 9.6 KiB, free 434.4 MiB)
[2024-10-04T17:29:18.297+0000] {spark_submit.py:488} INFO - 24/10/04 17:29:18 INFO MemoryStore: Block broadcast_0_piece0 stored as bytes in memory (estimated size 5.2 KiB, free 434.4 MiB)
[2024-10-04T17:29:18.322+0000] {spark_submit.py:488} INFO - 24/10/04 17:29:18 INFO BlockManagerInfo: Added broadcast_0_piece0 in memory on ec276fc9e43b:40495 (size: 5.2 KiB, free: 434.4 MiB)
[2024-10-04T17:29:18.360+0000] {spark_submit.py:488} INFO - 24/10/04 17:29:18 INFO SparkContext: Created broadcast 0 from broadcast at DAGScheduler.scala:1585
[2024-10-04T17:29:18.791+0000] {spark_submit.py:488} INFO - 24/10/04 17:29:18 INFO DAGScheduler: Submitting 1 missing tasks from ResultStage 0 (MapPartitionsRDD[2] at isEmpty at NativeMethodAccessorImpl.java:0) (first 15 tasks are for partitions Vector(0))
[2024-10-04T17:29:18.810+0000] {spark_submit.py:488} INFO - 24/10/04 17:29:18 INFO TaskSchedulerImpl: Adding task set 0.0 with 1 tasks resource profile 0
[2024-10-04T17:29:35.386+0000] {spark_submit.py:488} INFO - 24/10/04 17:29:35 WARN TaskSchedulerImpl: Initial job has not accepted any resources; check your cluster UI to ensure that workers are registered and have sufficient resources
[2024-10-04T17:29:48.958+0000] {spark_submit.py:488} INFO - 24/10/04 17:29:48 WARN TaskSchedulerImpl: Initial job has not accepted any resources; check your cluster UI to ensure that workers are registered and have sufficient resources
[2024-10-04T17:30:03.958+0000] {spark_submit.py:488} INFO - 24/10/04 17:30:03 WARN TaskSchedulerImpl: Initial job has not accepted any resources; check your cluster UI to ensure that workers are registered and have sufficient resources
[2024-10-04T17:30:18.958+0000] {spark_submit.py:488} INFO - 24/10/04 17:30:18 WARN TaskSchedulerImpl: Initial job has not accepted any resources; check your cluster UI to ensure that workers are registered and have sufficient resources
[2024-10-04T17:30:33.959+0000] {spark_submit.py:488} INFO - 24/10/04 17:30:33 WARN TaskSchedulerImpl: Initial job has not accepted any resources; check your cluster UI to ensure that workers are registered and have sufficient resources
[2024-10-04T17:30:38.597+0000] {spark_submit.py:488} INFO - 24/10/04 17:30:38 INFO StandaloneAppClient$ClientEndpoint: Executor added: app-20241004172836-0033/0 on worker-20241004160010-172.20.0.10-46015 (172.20.0.10:46015) with 2 core(s)
[2024-10-04T17:30:38.608+0000] {spark_submit.py:488} INFO - 24/10/04 17:30:38 INFO StandaloneSchedulerBackend: Granted executor ID app-20241004172836-0033/0 on hostPort 172.20.0.10:46015 with 2 core(s), 1024.0 MiB RAM
[2024-10-04T17:30:38.792+0000] {spark_submit.py:488} INFO - 24/10/04 17:30:38 INFO StandaloneAppClient$ClientEndpoint: Executor updated: app-20241004172836-0033/0 is now RUNNING
[2024-10-04T17:30:43.692+0000] {spark_submit.py:488} INFO - 24/10/04 17:30:43 INFO StandaloneSchedulerBackend$StandaloneDriverEndpoint: Registered executor NettyRpcEndpointRef(spark-client://Executor) (172.20.0.10:52800) with ID 0,  ResourceProfileId 0
[2024-10-04T17:30:43.816+0000] {spark_submit.py:488} INFO - 24/10/04 17:30:43 INFO BlockManagerMasterEndpoint: Registering block manager 172.20.0.10:39053 with 434.4 MiB RAM, BlockManagerId(0, 172.20.0.10, 39053, None)
[2024-10-04T17:30:46.113+0000] {spark_submit.py:488} INFO - 24/10/04 17:30:46 INFO TaskSetManager: Starting task 0.0 in stage 0.0 (TID 0) (172.20.0.10, executor 0, partition 0, PROCESS_LOCAL, 9232 bytes)
[2024-10-04T17:30:46.993+0000] {spark_submit.py:488} INFO - 24/10/04 17:30:46 INFO BlockManagerInfo: Added broadcast_0_piece0 in memory on 172.20.0.10:39053 (size: 5.2 KiB, free: 434.4 MiB)
[2024-10-04T17:30:49.187+0000] {spark_submit.py:488} INFO - 24/10/04 17:30:49 INFO TaskSetManager: Finished task 0.0 in stage 0.0 (TID 0) in 3107 ms on 172.20.0.10 (executor 0) (1/1)
[2024-10-04T17:30:49.189+0000] {spark_submit.py:488} INFO - 24/10/04 17:30:49 INFO TaskSchedulerImpl: Removed TaskSet 0.0, whose tasks have all completed, from pool
[2024-10-04T17:30:49.196+0000] {spark_submit.py:488} INFO - 24/10/04 17:30:49 INFO DAGScheduler: ResultStage 0 (isEmpty at NativeMethodAccessorImpl.java:0) finished in 91.687 s
[2024-10-04T17:30:49.200+0000] {spark_submit.py:488} INFO - 24/10/04 17:30:49 INFO DAGScheduler: Job 0 is finished. Cancelling potential speculative or zombie tasks for this job
[2024-10-04T17:30:49.201+0000] {spark_submit.py:488} INFO - 24/10/04 17:30:49 INFO TaskSchedulerImpl: Killing all running tasks in stage 0: Stage finished
[2024-10-04T17:30:49.205+0000] {spark_submit.py:488} INFO - 24/10/04 17:30:49 INFO DAGScheduler: Job 0 finished: isEmpty at NativeMethodAccessorImpl.java:0, took 92.306090 s
[2024-10-04T17:30:49.408+0000] {spark_submit.py:488} INFO - 24/10/04 17:30:49 WARN MetricsConfig: Cannot locate configuration: tried hadoop-metrics2-s3a-file-system.properties,hadoop-metrics2.properties
[2024-10-04T17:30:49.423+0000] {spark_submit.py:488} INFO - 24/10/04 17:30:49 INFO MetricsSystemImpl: Scheduled Metric snapshot period at 10 second(s).
[2024-10-04T17:30:49.424+0000] {spark_submit.py:488} INFO - 24/10/04 17:30:49 INFO MetricsSystemImpl: s3a-file-system metrics system started
[2024-10-04T17:30:50.153+0000] {spark_submit.py:488} INFO - 24/10/04 17:30:50 INFO BlockManagerInfo: Removed broadcast_0_piece0 on ec276fc9e43b:40495 in memory (size: 5.2 KiB, free: 434.4 MiB)
[2024-10-04T17:30:50.171+0000] {spark_submit.py:488} INFO - 24/10/04 17:30:50 INFO BlockManagerInfo: Removed broadcast_0_piece0 on 172.20.0.10:39053 in memory (size: 5.2 KiB, free: 434.4 MiB)
[2024-10-04T17:30:51.059+0000] {spark_submit.py:488} INFO - 24/10/04 17:30:51 WARN AbstractS3ACommitterFactory: Using standard FileOutputCommitter to commit work. This is slow and potentially unsafe.
[2024-10-04T17:30:51.061+0000] {spark_submit.py:488} INFO - 24/10/04 17:30:51 INFO FileOutputCommitter: File Output Committer Algorithm version is 1
[2024-10-04T17:30:51.061+0000] {spark_submit.py:488} INFO - 24/10/04 17:30:51 INFO FileOutputCommitter: FileOutputCommitter skip cleanup _temporary folders under output directory:false, ignore cleanup failures: false
[2024-10-04T17:30:51.063+0000] {spark_submit.py:488} INFO - 24/10/04 17:30:51 INFO AbstractS3ACommitterFactory: Using Committer FileOutputCommitter{PathOutputCommitter{context=TaskAttemptContextImpl{JobContextImpl{jobId=job_202410041730517776024310848199845_0000}; taskId=attempt_202410041730517776024310848199845_0000_m_000000_0, status=''}; org.apache.hadoop.mapreduce.lib.output.FileOutputCommitter@7752c4f1}; outputPath=s3a://extracted-data/temp/orderlines, workPath=s3a://extracted-data/temp/orderlines/_temporary/0/_temporary/attempt_202410041730517776024310848199845_0000_m_000000_0, algorithmVersion=1, skipCleanup=false, ignoreCleanupFailures=false} for s3a://extracted-data/temp/orderlines
[2024-10-04T17:30:51.065+0000] {spark_submit.py:488} INFO - 24/10/04 17:30:51 INFO SQLHadoopMapReduceCommitProtocol: Using output committer class org.apache.hadoop.mapreduce.lib.output.FileOutputCommitter
[2024-10-04T17:30:51.582+0000] {spark_submit.py:488} INFO - 24/10/04 17:30:51 INFO CodeGenerator: Code generated in 51.9451 ms
[2024-10-04T17:30:51.597+0000] {spark_submit.py:488} INFO - 24/10/04 17:30:51 INFO SparkContext: Starting job: save at NativeMethodAccessorImpl.java:0
[2024-10-04T17:30:51.599+0000] {spark_submit.py:488} INFO - 24/10/04 17:30:51 INFO DAGScheduler: Got job 1 (save at NativeMethodAccessorImpl.java:0) with 1 output partitions
[2024-10-04T17:30:51.599+0000] {spark_submit.py:488} INFO - 24/10/04 17:30:51 INFO DAGScheduler: Final stage: ResultStage 1 (save at NativeMethodAccessorImpl.java:0)
[2024-10-04T17:30:51.599+0000] {spark_submit.py:488} INFO - 24/10/04 17:30:51 INFO DAGScheduler: Parents of final stage: List()
[2024-10-04T17:30:51.601+0000] {spark_submit.py:488} INFO - 24/10/04 17:30:51 INFO DAGScheduler: Missing parents: List()
[2024-10-04T17:30:51.602+0000] {spark_submit.py:488} INFO - 24/10/04 17:30:51 INFO DAGScheduler: Submitting ResultStage 1 (MapPartitionsRDD[5] at save at NativeMethodAccessorImpl.java:0), which has no missing parents
[2024-10-04T17:30:51.682+0000] {spark_submit.py:488} INFO - 24/10/04 17:30:51 INFO MemoryStore: Block broadcast_1 stored as values in memory (estimated size 217.7 KiB, free 434.2 MiB)
[2024-10-04T17:30:51.689+0000] {spark_submit.py:488} INFO - 24/10/04 17:30:51 INFO MemoryStore: Block broadcast_1_piece0 stored as bytes in memory (estimated size 79.3 KiB, free 434.1 MiB)
[2024-10-04T17:30:51.690+0000] {spark_submit.py:488} INFO - 24/10/04 17:30:51 INFO BlockManagerInfo: Added broadcast_1_piece0 in memory on ec276fc9e43b:40495 (size: 79.3 KiB, free: 434.3 MiB)
[2024-10-04T17:30:51.692+0000] {spark_submit.py:488} INFO - 24/10/04 17:30:51 INFO SparkContext: Created broadcast 1 from broadcast at DAGScheduler.scala:1585
[2024-10-04T17:30:51.694+0000] {spark_submit.py:488} INFO - 24/10/04 17:30:51 INFO DAGScheduler: Submitting 1 missing tasks from ResultStage 1 (MapPartitionsRDD[5] at save at NativeMethodAccessorImpl.java:0) (first 15 tasks are for partitions Vector(0))
[2024-10-04T17:30:51.695+0000] {spark_submit.py:488} INFO - 24/10/04 17:30:51 INFO TaskSchedulerImpl: Adding task set 1.0 with 1 tasks resource profile 0
[2024-10-04T17:30:51.698+0000] {spark_submit.py:488} INFO - 24/10/04 17:30:51 INFO TaskSetManager: Starting task 0.0 in stage 1.0 (TID 1) (172.20.0.10, executor 0, partition 0, PROCESS_LOCAL, 9232 bytes)
[2024-10-04T17:30:51.742+0000] {spark_submit.py:488} INFO - 24/10/04 17:30:51 INFO BlockManagerInfo: Added broadcast_1_piece0 in memory on 172.20.0.10:39053 (size: 79.3 KiB, free: 434.3 MiB)
[2024-10-04T17:30:58.416+0000] {spark_submit.py:488} INFO - 24/10/04 17:30:58 INFO TaskSetManager: Finished task 0.0 in stage 1.0 (TID 1) in 6719 ms on 172.20.0.10 (executor 0) (1/1)
[2024-10-04T17:30:58.417+0000] {spark_submit.py:488} INFO - 24/10/04 17:30:58 INFO TaskSchedulerImpl: Removed TaskSet 1.0, whose tasks have all completed, from pool
[2024-10-04T17:30:58.419+0000] {spark_submit.py:488} INFO - 24/10/04 17:30:58 INFO DAGScheduler: ResultStage 1 (save at NativeMethodAccessorImpl.java:0) finished in 6.815 s
[2024-10-04T17:30:58.420+0000] {spark_submit.py:488} INFO - 24/10/04 17:30:58 INFO DAGScheduler: Job 1 is finished. Cancelling potential speculative or zombie tasks for this job
[2024-10-04T17:30:58.420+0000] {spark_submit.py:488} INFO - 24/10/04 17:30:58 INFO TaskSchedulerImpl: Killing all running tasks in stage 1: Stage finished
[2024-10-04T17:30:58.422+0000] {spark_submit.py:488} INFO - 24/10/04 17:30:58 INFO DAGScheduler: Job 1 finished: save at NativeMethodAccessorImpl.java:0, took 6.824338 s
[2024-10-04T17:30:58.425+0000] {spark_submit.py:488} INFO - 24/10/04 17:30:58 INFO FileFormatWriter: Start to commit write Job eda4735e-a0f8-4fd0-a687-6f1c7904a631.
[2024-10-04T17:31:00.609+0000] {spark_submit.py:488} INFO - 24/10/04 17:31:00 INFO FileFormatWriter: Write Job eda4735e-a0f8-4fd0-a687-6f1c7904a631 committed. Elapsed time: 2181 ms.
[2024-10-04T17:31:00.618+0000] {spark_submit.py:488} INFO - 24/10/04 17:31:00 INFO FileFormatWriter: Finished processing stats for write job eda4735e-a0f8-4fd0-a687-6f1c7904a631.
[2024-10-04T17:31:00.625+0000] {spark_submit.py:488} INFO - 24/10/04 17:31:00 INFO SparkContext: SparkContext is stopping with exitCode 0.
[2024-10-04T17:31:00.641+0000] {spark_submit.py:488} INFO - 24/10/04 17:31:00 INFO SparkUI: Stopped Spark web UI at http://ec276fc9e43b:4043
[2024-10-04T17:31:00.647+0000] {spark_submit.py:488} INFO - 24/10/04 17:31:00 INFO StandaloneSchedulerBackend: Shutting down all executors
[2024-10-04T17:31:00.649+0000] {spark_submit.py:488} INFO - 24/10/04 17:31:00 INFO StandaloneSchedulerBackend$StandaloneDriverEndpoint: Asking each executor to shut down
[2024-10-04T17:31:00.698+0000] {spark_submit.py:488} INFO - 24/10/04 17:31:00 INFO MapOutputTrackerMasterEndpoint: MapOutputTrackerMasterEndpoint stopped!
[2024-10-04T17:31:00.791+0000] {spark_submit.py:488} INFO - 24/10/04 17:31:00 INFO MemoryStore: MemoryStore cleared
[2024-10-04T17:31:00.792+0000] {spark_submit.py:488} INFO - 24/10/04 17:31:00 INFO BlockManager: BlockManager stopped
[2024-10-04T17:31:00.796+0000] {spark_submit.py:488} INFO - 24/10/04 17:31:00 INFO BlockManagerMaster: BlockManagerMaster stopped
[2024-10-04T17:31:00.801+0000] {spark_submit.py:488} INFO - 24/10/04 17:31:00 INFO OutputCommitCoordinator$OutputCommitCoordinatorEndpoint: OutputCommitCoordinator stopped!
[2024-10-04T17:31:00.924+0000] {spark_submit.py:488} INFO - 24/10/04 17:31:00 INFO SparkContext: Successfully stopped SparkContext
[2024-10-04T17:31:01.340+0000] {spark_submit.py:488} INFO - [2024-10-04T17:31:01.311+0000] {clientserver.py:543} INFO - Closing down clientserver connection
[2024-10-04T17:31:03.730+0000] {spark_submit.py:488} INFO - 24/10/04 17:31:03 INFO ShutdownHookManager: Shutdown hook called
[2024-10-04T17:31:03.733+0000] {spark_submit.py:488} INFO - 24/10/04 17:31:03 INFO ShutdownHookManager: Deleting directory /tmp/spark-418795a5-30d4-4ce0-943f-93732f525548
[2024-10-04T17:31:03.823+0000] {spark_submit.py:488} INFO - 24/10/04 17:31:03 INFO ShutdownHookManager: Deleting directory /tmp/spark-418795a5-30d4-4ce0-943f-93732f525548/pyspark-2ec88301-cd84-4a67-8a25-69fa36e329a7
[2024-10-04T17:31:03.893+0000] {spark_submit.py:488} INFO - 24/10/04 17:31:03 INFO ShutdownHookManager: Deleting directory /tmp/spark-91b46e47-b1f7-4f09-8d08-1df04c919dc2
[2024-10-04T17:31:04.011+0000] {spark_submit.py:488} INFO - 24/10/04 17:31:03 INFO MetricsSystemImpl: Stopping s3a-file-system metrics system...
[2024-10-04T17:31:04.013+0000] {spark_submit.py:488} INFO - 24/10/04 17:31:04 INFO MetricsSystemImpl: s3a-file-system metrics system stopped.
[2024-10-04T17:31:04.016+0000] {spark_submit.py:488} INFO - 24/10/04 17:31:04 INFO MetricsSystemImpl: s3a-file-system metrics system shutdown complete.
[2024-10-04T17:31:05.511+0000] {taskinstance.py:340} INFO - ::group::Post task execution logs
[2024-10-04T17:31:05.575+0000] {taskinstance.py:352} INFO - Marking task as SUCCESS. dag_id=etl_pipeline, task_id=staging.dellstore_db.extract.orderlines, run_id=scheduled__2024-10-03T00:00:00+00:00, execution_date=20241003T000000, start_date=20241004T172714, end_date=20241004T173105
[2024-10-04T17:31:06.218+0000] {local_task_job_runner.py:266} INFO - Task exited with return code 0
[2024-10-04T17:31:07.193+0000] {taskinstance.py:3900} INFO - 0 downstream tasks scheduled from follow-on schedule check
[2024-10-04T17:31:07.226+0000] {local_task_job_runner.py:245} INFO - ::endgroup::
